Mass matrix is symmetric.
Mass matrix is positive definite.
Stiffness matrix is symmetric.

Mass values check:
	Maximum value of diag(MQQ)-1.0    =           0  (should be zero) Okay
	Maximum off-diagonal value of MQQ =           0  (should be zero) Okay

Stiffness values checks:
	Maximum value of KBB              = 3.83073e+07  (should be zero only if statically-determinate) check
	Maximum value of KBQ              =           0  (should be zero) Okay
	Maximum off-diagonal value of KQQ =           0  (should be zero) Okay
	Minimum diagonal value of KQQ     =           1  (should be > zero) Okay

Stiffness-based coordinates relative to node starting at row/col 1 (after any reordering):
  (Note: locations are in local coordinate system of the reference node.)

         Node      ID        X         Y         Z         Error
        ------  --------  --------  --------  --------   ----------
             1         3      0.00      0.00      0.00   0.0000e+00
             2        11     -0.00    300.00      0.00   8.7795e-08
             3        19      0.00    300.00   -300.00   8.0953e-08
             4        27     -0.00     -0.00   -300.00   1.9371e-08

Maximum absolute coordinate location error:  8.77951e-08 units

Solving hermitian eigen problem.
RB Translation Movement Check -- should all be 1.0s:

	Node          Stiffness-based        Geometry-based        Eigenvalue-based
	---------   -------------------    -------------------    -------------------
	       3    1.000  1.000  1.000    1.000  1.000  1.000    1.000  1.000  1.000
	      11    1.000  1.000  1.000    1.000  1.000  1.000    1.000  1.000  1.000
	      19    1.000  1.000  1.000    1.000  1.000  1.000    1.000  1.000  1.000
	      27    1.000  1.000  1.000    1.000  1.000  1.000    1.000  1.000  1.000


RB Rotation Movement Check -- should all be 1.0s:

	Node          Stiffness-based        Geometry-based        Eigenvalue-based
	---------   -------------------    -------------------    -------------------
	       3    1.000  1.000  1.000    1.000  1.000  1.000    1.000  1.000  1.000
	      11    1.000  1.000  1.000    1.000  1.000  1.000    1.000  1.000  1.000
	      19    1.000  1.000  1.000    1.000  1.000  1.000    1.000  1.000  1.000
	      27    1.000  1.000  1.000    1.000  1.000  1.000    1.000  1.000  1.000


MASS PROPERTIES CHECKS:

6x6 mass matrix from stiffness-based rb modes:

	      1.5904        0.0000        0.0000        0.0000     -238.5576     -238.5576
	      0.0000        1.5904        0.0000      238.5576        0.0000     -660.5821
	      0.0000        0.0000        1.5904      238.5576      660.5821       -0.0000
	      0.0000      238.5576      238.5576   428500.0058    99087.3208   -99087.3208
	   -238.5576        0.0000      660.5821    99087.3208   355322.1342    35674.0772
	   -238.5576     -660.5821       -0.0000   -99087.3208    35674.0772   686491.3146


6x6 mass matrix from geometry-based rb modes:

	      1.5904        0.0000        0.0000       -0.0000        0.0000       -0.0000
	      0.0000        1.5904        0.0000       -0.0000        0.0000     -660.5821
	      0.0000        0.0000        1.5904       -0.0000      660.5821       -0.0000
	     -0.0000       -0.0000       -0.0000   356932.7348        0.0000       -0.0000
	      0.0000        0.0000      660.5821        0.0000   319538.4987     -109.5583
	     -0.0000     -660.5821       -0.0000       -0.0000     -109.5583   650707.6794


6x6 mass matrix from eigensolution-based rb modes:

	      1.5904        0.0000       -0.0000       -0.0000     -238.5576     -238.5576
	      0.0000        1.5904       -0.0000      238.5576       -0.0000     -660.5821
	     -0.0000       -0.0000        1.5904      238.5576      660.5821        0.0000
	     -0.0000      238.5576      238.5576   428500.0058    99087.3208   -99087.3208
	   -238.5576       -0.0000      660.5821    99087.3208   355322.1342    35674.0773
	   -238.5576     -660.5821        0.0000   -99087.3208    35674.0773   686491.3150


Comparisons from mass properties:

	Distance to CG location from relevant reference point:

		RB-Mode from                    X               Y               Z
		------------              ---------------------------------------------
		   Stiffness              -415.360203      150.000000     -150.000000
		   Geometry               -415.360203       -0.000000        0.000000
		   Eigensolution          -415.360203      150.000000     -150.000000


	Radius of gyration about X, Y, Z axes (from CG):

		RB-Mode from                    X               Y               Z
		------------              ---------------------------------------------
		   Stiffness               473.742359      168.508196      486.443472
		   Geometry                473.742359      168.508196      486.443472
		   Eigensolution           473.742359      168.508196      486.443472

	Radius of gyration about principal axes (from CG):

		RB-Mode from                    1               2               3
		------------              ---------------------------------------------
		   Stiffness               168.508128      473.742359      486.443496
		   Geometry                168.508128      473.742359      486.443496
		   Eigensolution           168.508128      473.742359      486.443496


Stiffness-based Inertia Matrix @ CG about X,Y,Z:

		 356932.7348        0.0000       -0.0001
		      0.0000    45158.9674     -109.5583
		     -0.0001     -109.5583   376328.1477

	Principal Axis Moments of Inertia:

		  45158.9311   356932.7348   376328.1840


Geometry-based Inertia Matrix @ CG about X,Y,Z:

		 356932.7348        0.0000       -0.0000
		      0.0000    45158.9672     -109.5583
		     -0.0000     -109.5583   376328.1479

	Principal Axis Moments of Inertia:

		  45158.9310   356932.7348   376328.1842


Eigensolution-based Inertia Matrix @ CG about X,Y,Z:

		 356932.7348       -0.0000        0.0000
		     -0.0000    45158.9672     -109.5583
		      0.0000     -109.5583   376328.1480

	Principal Axis Moments of Inertia:

		  45158.9310   356932.7348   376328.1843


GROUNDING CHECKS:

                            K*RB using stiffness-based rb modes:
DOF                    X           Y           Z           RX          RY          RZ
-------------     --------------------------------------------------------------------
       3   1        -0.000       0.000      -0.000      -0.000      -0.000       0.000
       3   2         0.000       0.000      -0.000       0.000      -0.000      -0.000
       3   3        -0.000      -0.000       0.000       0.000       0.000       0.000
       3   4        -0.000       0.000       0.000       0.000       0.000       0.000
       3   5        -0.000      -0.000       0.000       0.000       0.003       0.001
       3   6         0.000      -0.000       0.000       0.000       0.001       0.008
      11   1         0.000      -0.000      -0.000      -0.000      -0.000       0.000
      11   2         0.000      -0.000       0.000       0.000      -0.000       0.000
      11   3        -0.000       0.000       0.000       0.000      -0.000      -0.000
      11   4         0.000      -0.000      -0.000       0.000       0.000       0.000
      11   5        -0.000       0.000       0.000       0.000      -0.000      -0.000
      11   6         0.000      -0.000       0.000      -0.000      -0.000      -0.000
      19   1         0.000       0.000       0.000      -0.000       0.000       0.000
      19   2         0.000       0.000       0.000      -0.000      -0.000       0.000
      19   3         0.000       0.000      -0.000      -0.000      -0.000      -0.000
      19   4        -0.000      -0.000       0.000      -0.000      -0.000      -0.000
      19   5        -0.000       0.000       0.000       0.000       0.000       0.000
      19   6        -0.000      -0.000       0.000       0.000       0.000      -0.000
      27   1        -0.000       0.000      -0.000       0.000      -0.000      -0.000
      27   2        -0.000      -0.000       0.000       0.000       0.000      -0.000
      27   3         0.000       0.000       0.000       0.000       0.000       0.000
      27   4        -0.000      -0.000       0.000      -0.000      -0.000      -0.000
      27   5         0.000      -0.000       0.000      -0.000      -0.000       0.000
      27   6         0.000       0.000       0.000       0.000       0.000      -0.000
  modal     1        0.000       0.000       0.000       0.000       0.000       0.000
  modal     2        0.000       0.000       0.000       0.000       0.000       0.000
  modal     3        0.000       0.000       0.000       0.000       0.000       0.000
  modal     4        0.000       0.000       0.000       0.000       0.000       0.000
  modal     5        0.000       0.000       0.000       0.000       0.000       0.000
  modal     6        0.000       0.000       0.000       0.000       0.000       0.000
  modal     7        0.000       0.000       0.000       0.000       0.000       0.000
  modal     8        0.000       0.000       0.000       0.000       0.000       0.000
  modal     9        0.000       0.000       0.000       0.000       0.000       0.000
  modal    10        0.000       0.000       0.000       0.000       0.000       0.000
  modal    11        0.000       0.000       0.000       0.000       0.000       0.000
  modal    12        0.000       0.000       0.000       0.000       0.000       0.000
  modal    13        0.000       0.000       0.000       0.000       0.000       0.000
  modal    14        0.000       0.000       0.000       0.000       0.000       0.000
  modal    15        0.000       0.000       0.000       0.000       0.000       0.000
  modal    16        0.000       0.000       0.000       0.000       0.000       0.000
  modal    17        0.000       0.000       0.000       0.000       0.000       0.000
  modal    18        0.000       0.000       0.000       0.000       0.000       0.000
  modal    19        0.000       0.000       0.000       0.000       0.000       0.000
  modal    20        0.000       0.000       0.000       0.000       0.000       0.000
  modal    21        0.000       0.000       0.000       0.000       0.000       0.000
  modal    22        0.000       0.000       0.000       0.000       0.000       0.000

Summation of stiffness-based rb-forces: RB'*K*RB:

	    -0.000       0.000      -0.000      -0.000      -0.000       0.000
	     0.000       0.000      -0.000       0.000      -0.000      -0.000
	    -0.000      -0.000       0.000       0.000       0.000       0.000
	    -0.000       0.000       0.000       0.000       0.000       0.000
	    -0.000      -0.000       0.000       0.000       0.003       0.001
	     0.000      -0.000       0.000       0.000       0.001       0.008


                            K*RB using geometry-based rb modes:
DOF                    X           Y           Z           RX          RY          RZ
-------------     --------------------------------------------------------------------
       3   1        -0.000      -0.000       0.000      -0.000       0.000       0.000
       3   2        -0.000       0.000      -0.000       0.000       0.000      -0.000
       3   3        -0.000      -0.000       0.000      -0.000       0.000      -0.000
       3   4         0.000      -0.000       0.000      -0.000       0.000       0.000
       3   5        -0.000      -0.000       0.000       0.000       0.000      -0.000
       3   6         0.000      -0.000       0.000       0.000      -0.000      -0.000
      11   1        -0.000      -0.000       0.000       0.000       0.000       0.000
      11   2        -0.000      -0.000       0.000      -0.000       0.000       0.000
      11   3        -0.000       0.000      -0.000      -0.000       0.000      -0.000
      11   4        -0.000      -0.000       0.000      -0.000       0.000       0.000
      11   5         0.000      -0.000       0.000       0.000      -0.000      -0.000
      11   6        -0.000       0.000       0.000      -0.000      -0.000       0.000
      19   1         0.000       0.000      -0.000       0.000      -0.000      -0.000
      19   2         0.000       0.000      -0.000      -0.000      -0.000      -0.000
      19   3        -0.000      -0.000       0.000       0.000       0.000      -0.000
      19   4         0.000       0.000      -0.000      -0.000      -0.000      -0.000
      19   5        -0.000      -0.000       0.000      -0.000       0.000      -0.000
      19   6         0.000      -0.000      -0.000       0.000      -0.000      -0.000
      27   1         0.000      -0.000      -0.000       0.000      -0.000       0.000
      27   2         0.000      -0.000       0.000      -0.000      -0.000       0.000
      27   3        -0.000      -0.000       0.000       0.000       0.000       0.000
      27   4        -0.000      -0.000       0.000       0.000      -0.000      -0.000
      27   5        -0.000      -0.000       0.000       0.000       0.000       0.000
      27   6        -0.000      -0.000       0.000       0.000       0.000      -0.000

Summation of geometry-based rb-forces: RB'*K*RB:

	    -0.000       0.000      -0.000       0.000      -0.000       0.000
	     0.000       0.000      -0.000       0.000      -0.000      -0.000
	    -0.000      -0.000       0.000      -0.000       0.000       0.000
	     0.000       0.000      -0.000      -0.000      -0.000       0.000
	    -0.000      -0.000       0.000      -0.000       0.002       0.000
	     0.000      -0.000       0.000       0.000       0.000       0.009


                            K*RB using eigensolution-based rb modes:
DOF                    X           Y           Z           RX          RY          RZ
-------------     --------------------------------------------------------------------
       3   1        -0.000      -0.000       0.000      -0.000       0.000       0.000
       3   2         0.000       0.000      -0.000       0.000      -0.000      -0.000
       3   3         0.000      -0.000       0.000       0.000      -0.000       0.000
       3   4         0.000      -0.000       0.000       0.000      -0.000       0.000
       3   5         0.000      -0.000       0.000       0.000      -0.000      -0.000
       3   6         0.000      -0.000       0.000       0.000       0.000      -0.000
      11   1        -0.000       0.000       0.000       0.000       0.000       0.000
      11   2        -0.000      -0.000       0.000       0.000       0.000       0.000
      11   3        -0.000       0.000      -0.000       0.000       0.000      -0.000
      11   4         0.000      -0.000       0.000       0.000       0.000       0.000
      11   5        -0.000       0.000      -0.000      -0.000      -0.000      -0.000
      11   6         0.000       0.000      -0.000      -0.000       0.000       0.000
      19   1         0.000       0.000      -0.000      -0.000      -0.000      -0.000
      19   2         0.000       0.000      -0.000       0.000      -0.000      -0.000
      19   3        -0.000       0.000       0.000      -0.000       0.000      -0.000
      19   4        -0.000       0.000      -0.000      -0.000       0.000      -0.000
      19   5        -0.000      -0.000       0.000       0.000      -0.000      -0.000
      19   6        -0.000       0.000       0.000       0.000      -0.000      -0.000
      27   1         0.000      -0.000      -0.000       0.000      -0.000       0.000
      27   2        -0.000       0.000       0.000      -0.000       0.000       0.000
      27   3        -0.000       0.000       0.000      -0.000       0.000      -0.000
      27   4         0.000      -0.000       0.000       0.000      -0.000      -0.000
      27   5        -0.000      -0.000       0.000       0.000      -0.000       0.000
      27   6        -0.000       0.000       0.000      -0.000       0.000      -0.000
  modal     1        0.000      -0.000      -0.000      -0.000      -0.000       0.000
  modal     2        0.000       0.000       0.000       0.000       0.000      -0.000
  modal     3       -0.000       0.000      -0.000       0.000       0.000      -0.000
  modal     4       -0.000      -0.000       0.000       0.000       0.000       0.000
  modal     5        0.000      -0.000       0.000       0.000      -0.000      -0.000
  modal     6        0.000      -0.000       0.000      -0.000       0.000      -0.000
  modal     7       -0.000       0.000       0.000       0.000       0.000      -0.000
  modal     8       -0.000       0.000      -0.000      -0.000      -0.000       0.000
  modal     9        0.000      -0.000       0.000      -0.000      -0.000       0.000
  modal    10       -0.000      -0.000       0.000       0.000       0.000       0.000
  modal    11       -0.000       0.000       0.000       0.000       0.000      -0.000
  modal    12        0.000      -0.000       0.000       0.000       0.000      -0.000
  modal    13        0.000      -0.000       0.000      -0.000      -0.000       0.000
  modal    14       -0.000      -0.000       0.000       0.000       0.000       0.000
  modal    15        0.000       0.000      -0.000      -0.000      -0.000      -0.000
  modal    16       -0.000       0.000      -0.000      -0.000      -0.000       0.000
  modal    17       -0.000       0.000      -0.000       0.000       0.000      -0.000
  modal    18       -0.000       0.000      -0.000      -0.000      -0.000       0.000
  modal    19        0.000      -0.000       0.000       0.000       0.000       0.000
  modal    20        0.000       0.000      -0.000      -0.000      -0.000      -0.000
  modal    21        0.000       0.000       0.000      -0.000       0.000      -0.000
  modal    22       -0.000       0.000      -0.000      -0.000       0.000       0.000

Summation of eigensolution-based rb-forces: RB'*K*RB:

	    -0.000       0.000      -0.000      -0.000      -0.000       0.000
	     0.000       0.000      -0.000       0.000      -0.000      -0.000
	    -0.000      -0.000       0.000       0.000       0.000       0.000
	    -0.000       0.000       0.000       0.000       0.000       0.000
	    -0.000      -0.000       0.000       0.000       0.003       0.001
	     0.000      -0.000       0.000       0.000       0.001       0.008


FREE-FREE MODES:

	Mode   Frequency (Hz)
	----   --------------
	   1         0.000016
	   2         0.000010
	   3         0.000014
	   4         0.000020
	   5         0.000024
	   6         0.000030
	   7         1.757662
	   8         1.792869
	   9         3.649292
	  10         4.149376
	  11         7.025406
	  12         7.254279
	  13        11.070483
	  14        11.752514
	  15        14.226996
	  16        15.414285
	  17        25.286983
	  18        25.655202
	  19        42.437306
	  20        42.984102
	  21        46.894346
	  22        47.838689
	  23        71.159967
	  24        89.840507
	  25        99.159493
	  26       111.569743
	  27       113.477346
	  28       124.656282
	  29       129.749903
	  30       134.230326
	  31       166.186528
	  32       167.894334
	  33       178.871250
	  34       194.565277
	  35       210.836366
	  36       285.143176
	  37       300.617290
	  38       483.343847
	  39       716.341075
	  40      1032.328787
	  41      1241.320403
	  42      1500.024116
	  43      2636.337531
	  44      2945.603601
	  45      3271.373266
	  46      3441.370044


FIXED-BASE MODES w/ Percent Modal Effective Mass:

Using geometry-based rb modes for effective mass calcs.

Mode No.  Frequency (Hz)     T1      T2      T3      R1      R2      R3
--------  --------------   ------  ------  ------  ------  ------  ------
     1          1.650        0.00    0.00    0.00    0.00    0.00   46.18
     2          1.650       11.86    0.00    0.00    0.00    0.00    0.00
     3          1.674        0.00    0.00    0.00   83.95    0.00    0.00
     4          1.675        0.00    0.00   12.24    0.00   12.34    0.00
     5          7.025        0.00    0.00    0.00    0.00    0.88    0.00
     6          7.025        0.00    0.00    0.00    0.00    0.00    0.00
     7         10.913        0.00    0.00    0.00    0.00    0.00    1.52
     8         10.915        2.47    0.00    0.00    0.00    0.00    0.00
     9         13.986        0.00    0.00    0.00    2.69    0.00    0.00
    10         13.992        0.00    0.00    2.76    0.00    2.78    0.00
    11         25.135        0.00    0.00    0.00    0.00    0.00    0.42
    12         25.140        0.99    0.00    0.00    0.00    0.00    0.00
    13         42.173        0.00    0.00    0.00    0.51    0.00    0.00
    14         42.193        0.00    0.00    1.01    0.00    1.02    0.00
    15         46.716        0.00    5.38    0.00    0.00    0.00    2.75
    16         46.895        0.00    0.00    0.00    0.00    0.00    0.00
    17         69.173        0.00    0.12    0.00    0.00    0.00    0.98
    18         87.504        5.08    0.00    0.00    0.00    0.00    0.00
    19        110.852        0.00   81.36    0.44    0.00    0.32   45.80
    20        139.236        0.00    0.69   70.30    0.00   76.14    0.16
    21        152.226        1.14    0.00    0.00    8.66    0.00    0.00
    22        472.624        0.00    0.01    0.67    0.00    2.50    0.03

Total Effective Mass:       21.54   87.57   87.41   95.81   95.98   97.85
