Mass matrix is symmetric.
Mass matrix is positive definite.
Warning:  stiffness matrix is not symmetric.

Mass values check:
	Maximum value of MQQ-I            =          0  (should be zero)

Stiffness values checks:
	Maximum value of KBB              = 0.00929289  (should be zero only if statically-determinate)
	Maximum value of KBQ              =          0  (should be zero)
	Maximum off-diagonal value of KQQ =          0  (should be zero)
	Minimum diagonal value of KQQ     =     107.48  (should be > zero)

Echoing KBB for visual inspection since max(KBB) != 0:
KBB =
	-0.0000   0.0000  -0.0000   0.0000  -0.0000   0.0000
	 0.0000   0.0000  -0.0000   0.0000  -0.0000  -0.0000
	-0.0000  -0.0000   0.0000  -0.0000   0.0000   0.0000
	 0.0000   0.0000  -0.0000  -0.0001  -0.0003   0.0002
	-0.0000  -0.0000   0.0000  -0.0004   0.0016   0.0003
	 0.0000  -0.0000   0.0000   0.0002   0.0003   0.0093

	Note: for comparison KQQ(1,1) = 107.48.



Stiffness-based coordinates relative to node starting at row/col 1 (after any reordering):
 (Note:  locations are in local coordinate system of the reference node.)

        Node     ID        X         Y         Z    
        ----  --------  --------  --------  --------
           1         1      0.00      0.00      0.00   0

Maximum absolute coordinate location error:  0 units

RB Translation Movement Check -- should all be 1.0's:

	Node          Stiffness-based        Geometry-based        Eigenvalue-based
	---------   -------------------    -------------------    -------------------
	       1    1.000  1.000  1.000    1.000  1.000  1.000    1.000  1.000  1.000


RB Rotation Movement Check -- should all be 1.0's:

	Node          Stiffness-based        Geometry-based        Eigenvalue-based
	---------   -------------------    -------------------    -------------------
	       1    1.000  1.000  1.000    1.000  1.000  1.000    1.000  1.000  1.000


MASS PROPERTIES CHECKS:

6x6 mass matrix from stiffness-based rb modes:

	      1.5345        0.0000        0.0000       -0.0000        0.0000       -0.0000
	      0.0000        1.5345        0.0000       -0.0000        0.0000     -660.5821
	      0.0000        0.0000        1.5345       -0.0000      660.5821       -0.0000
	     -0.0000       -0.0000       -0.0000   355474.1081        0.0000       -0.0000
	      0.0000        0.0000      660.5821        0.0000   318809.1854       -0.0000
	     -0.0000     -660.5821       -0.0000       -0.0000       -0.0000   649978.3661


6x6 mass matrix from geometry-based rb modes:

	      1.5345        0.0000        0.0000       -0.0000        0.0000       -0.0000
	      0.0000        1.5345        0.0000       -0.0000        0.0000     -660.5821
	      0.0000        0.0000        1.5345       -0.0000      660.5821       -0.0000
	     -0.0000       -0.0000       -0.0000   355474.1081        0.0000       -0.0000
	      0.0000        0.0000      660.5821        0.0000   318809.1854       -0.0000
	     -0.0000     -660.5821       -0.0000       -0.0000       -0.0000   649978.3661


6x6 mass matrix from eigensolution-based rb modes:

	      1.5345        0.0000       -0.0000        0.0000       -0.0000        0.0000
	      0.0000        1.5345       -0.0000        0.0000       -0.0000     -660.5821
	     -0.0000       -0.0000        1.5345       -0.0000      660.5821       -0.0000
	      0.0000        0.0000       -0.0000   355474.1081       -0.0000        0.0000
	     -0.0000       -0.0000      660.5821       -0.0000   318809.1854       -0.0000
	      0.0000     -660.5821       -0.0000        0.0000       -0.0000   649978.3662


Comparisons from mass properties:

	Distance to CG location from relevant reference point:

		RB-Mode from                    X               Y               Z
		------------              ---------------------------------------------
		   Stiffness              -430.498389       -0.000000        0.000000
		   Geometry               -430.498389       -0.000000        0.000000
		   Eigensolution          -430.498389       -0.000000       -0.000000



	Radius of gyration about X, Y, Z axes (from CG):

		RB-Mode from                    X               Y               Z
		------------              ---------------------------------------------
		   Stiffness                 481.3116        149.7920        488.1179
		   Geometry                  481.3116        149.7920        488.1179
		   Eigensolution             481.3116        149.7920        488.1179

	Radius of gyration about principal axes (from CG):

		RB-Mode from                    1               2               3
		------------              ---------------------------------------------
		   Stiffness                 481.3116        149.7920        488.1179
		   Geometry                  481.3116        149.7920        488.1179
		   Eigensolution             481.3116        149.7920        488.1179


Stiffness-based Inertia Matrix @ CG about X,Y,Z:

		 355474.1081        0.0000       -0.0000
		      0.0000    34429.6388       -0.0000
		     -0.0000       -0.0000   365598.8195

	Principal Axis Moments of Inertia:

		  34429.6388   355474.1081   365598.8195


Geometry-based Inertia Matrix @ CG about X,Y,Z:

		 355474.1081        0.0000       -0.0000
		      0.0000    34429.6388       -0.0000
		     -0.0000       -0.0000   365598.8195

	Principal Axis Moments of Inertia:

		  34429.6388   355474.1081   365598.8195


Eigensolution-based Inertia Matrix @ CG about X,Y,Z:

		 355474.1081       -0.0000        0.0000
		     -0.0000    34429.6388       -0.0000
		      0.0000       -0.0000   365598.8197

	Principal Axis Moments of Inertia:

		  34429.6388   355474.1081   365598.8197


GROUNDING CHECKS:

                            K*RB using stiffness-based rb modes:
DOF                    X           Y           Z           RX          RY          RZ
-------------     --------------------------------------------------------------------
       1   1        -0.000       0.000      -0.000       0.000      -0.000       0.000
       1   2         0.000       0.000      -0.000       0.000      -0.000      -0.000
       1   3        -0.000      -0.000       0.000      -0.000       0.000       0.000
       1   4         0.000       0.000      -0.000      -0.000      -0.000       0.000
       1   5        -0.000      -0.000       0.000      -0.000       0.002       0.000
       1   6         0.000      -0.000       0.000       0.000       0.000       0.009
  modal     1        0.000       0.000       0.000       0.000       0.000       0.000
  modal     2        0.000       0.000       0.000       0.000       0.000       0.000
  modal     3        0.000       0.000       0.000       0.000       0.000       0.000
  modal     4        0.000       0.000       0.000       0.000       0.000       0.000
  modal     5        0.000       0.000       0.000       0.000       0.000       0.000
  modal     6        0.000       0.000       0.000       0.000       0.000       0.000
  modal     7        0.000       0.000       0.000       0.000       0.000       0.000
  modal     8        0.000       0.000       0.000       0.000       0.000       0.000
  modal     9        0.000       0.000       0.000       0.000       0.000       0.000
  modal    10        0.000       0.000       0.000       0.000       0.000       0.000
  modal    11        0.000       0.000       0.000       0.000       0.000       0.000
  modal    12        0.000       0.000       0.000       0.000       0.000       0.000
  modal    13        0.000       0.000       0.000       0.000       0.000       0.000
  modal    14        0.000       0.000       0.000       0.000       0.000       0.000
  modal    15        0.000       0.000       0.000       0.000       0.000       0.000
  modal    16        0.000       0.000       0.000       0.000       0.000       0.000
  modal    17        0.000       0.000       0.000       0.000       0.000       0.000
  modal    18        0.000       0.000       0.000       0.000       0.000       0.000
  modal    19        0.000       0.000       0.000       0.000       0.000       0.000
  modal    20        0.000       0.000       0.000       0.000       0.000       0.000
  modal    21        0.000       0.000       0.000       0.000       0.000       0.000
  modal    22        0.000       0.000       0.000       0.000       0.000       0.000

Summation of stiffness-based rb-forces: RB'*K*RB:

	    -0.000       0.000      -0.000       0.000      -0.000       0.000
	     0.000       0.000      -0.000       0.000      -0.000      -0.000
	    -0.000      -0.000       0.000      -0.000       0.000       0.000
	     0.000       0.000      -0.000      -0.000      -0.000       0.000
	    -0.000      -0.000       0.000      -0.000       0.002       0.000
	     0.000      -0.000       0.000       0.000       0.000       0.009



                            K*RB using geometry-based rb modes:
DOF                    X           Y           Z           RX          RY          RZ
-------------     --------------------------------------------------------------------
       1   1        -0.000       0.000      -0.000       0.000      -0.000       0.000
       1   2         0.000       0.000      -0.000       0.000      -0.000      -0.000
       1   3        -0.000      -0.000       0.000      -0.000       0.000       0.000
       1   4         0.000       0.000      -0.000      -0.000      -0.000       0.000
       1   5        -0.000      -0.000       0.000      -0.000       0.002       0.000
       1   6         0.000      -0.000       0.000       0.000       0.000       0.009

Summation of geometry-based rb-forces: RB'*K*RB:

	    -0.000       0.000      -0.000       0.000      -0.000       0.000
	     0.000       0.000      -0.000       0.000      -0.000      -0.000
	    -0.000      -0.000       0.000      -0.000       0.000       0.000
	     0.000       0.000      -0.000      -0.000      -0.000       0.000
	    -0.000      -0.000       0.000      -0.000       0.002       0.000
	     0.000      -0.000       0.000       0.000       0.000       0.009



                            K*RB using eigensolution-based rb modes:
DOF                    X           Y           Z           RX          RY          RZ
-------------     --------------------------------------------------------------------
       1   1        -0.000       0.000      -0.000       0.000      -0.000       0.000
       1   2         0.000       0.000      -0.000       0.000      -0.000      -0.000
       1   3        -0.000      -0.000       0.000      -0.000       0.000       0.000
       1   4         0.000       0.000      -0.000      -0.000      -0.000       0.000
       1   5        -0.000      -0.000       0.000      -0.000       0.002       0.000
       1   6         0.000      -0.000       0.000       0.000       0.000       0.009
  modal     1        0.000       0.000      -0.000       0.000      -0.000       0.000
  modal     2        0.000      -0.000       0.000      -0.000       0.000      -0.000
  modal     3       -0.000      -0.000       0.000       0.000       0.000      -0.000
  modal     4       -0.000      -0.000       0.000      -0.000       0.000       0.000
  modal     5        0.000       0.000       0.000       0.000      -0.000       0.000
  modal     6       -0.000      -0.000       0.000      -0.000       0.000      -0.000
  modal     7       -0.000      -0.000       0.000      -0.000       0.000      -0.000
  modal     8       -0.000       0.000      -0.000       0.000      -0.000       0.000
  modal     9        0.000       0.000      -0.000      -0.000      -0.000       0.000
  modal    10       -0.000      -0.000       0.000      -0.000       0.000       0.000
  modal    11       -0.000      -0.000       0.000      -0.000       0.000      -0.000
  modal    12        0.000      -0.000       0.000      -0.000       0.000      -0.000
  modal    13        0.000       0.000       0.000      -0.000      -0.000       0.000
  modal    14       -0.000      -0.000       0.000      -0.000       0.000       0.000
  modal    15        0.000       0.000      -0.000       0.000      -0.000      -0.000
  modal    16       -0.000       0.000      -0.000      -0.000      -0.000       0.000
  modal    17       -0.000       0.000      -0.000       0.000      -0.000      -0.000
  modal    18       -0.000       0.000      -0.000       0.000      -0.000       0.000
  modal    19       -0.000      -0.000       0.000      -0.000       0.000       0.000
  modal    20        0.000       0.000      -0.000       0.000      -0.000      -0.000
  modal    21        0.000       0.000       0.000      -0.000       0.000      -0.000
  modal    22        0.000      -0.000      -0.000      -0.000       0.000       0.000

Summation of eigensolution-based rb-forces: RB'*K*RB:

	    -0.000       0.000      -0.000       0.000      -0.000       0.000
	     0.000       0.000      -0.000       0.000      -0.000      -0.000
	    -0.000      -0.000       0.000      -0.000       0.000       0.000
	     0.000       0.000      -0.000      -0.000      -0.000       0.000
	    -0.000      -0.000       0.000      -0.000       0.002       0.000
	     0.000      -0.000       0.000       0.000       0.000       0.009


FREE-FREE MODES:

	Mode   Frequency (Hz)
	----   --------------
	   1         0.000009
	   2         0.000006
	   3         0.000011
	   4         0.000014
	   5         0.000020
	   6         0.000023
	   7         1.761982
	   8         1.794358
	   9         3.872236
	  10         4.193075
	  11         7.025411
	  12         7.329390
	  13        11.077174
	  14        11.921322
	  15        14.229685
	  16        15.459763
	  17        25.293722
	  18        25.767971
	  19        42.440336
	  20        43.011638
	  21        46.894763
	  22        47.857913
	  23        71.685470
	  24        90.368612
	  25       283.705783
	  26       495.039278
	  27       699.402853
	  28      1106.914665


FIXED-BASE MODES w/ Percent Modal Effective Mass:

Using geometry-based rb modes for effective mass calcs.

Mode No.  Frequency (Hz)     T1      T2      T3      R1      R2      R3
--------  --------------   ------  ------  ------  ------  ------  ------
    1           1.650        0.00    0.00    0.00    0.00    0.00   46.24
    2           1.650       12.29    0.00    0.00    0.00    0.00    0.00
    3           1.674        0.00    0.00    0.00   84.29    0.00    0.00
    4           1.675        0.00    0.00   12.69    0.00   12.37    0.00
    5           7.025        0.00    0.00    0.00    0.00    0.88    0.00
    6           7.025        0.00    0.00    0.00    0.00    0.00    0.00
    7          10.913        0.00    0.00    0.00    0.00    0.00    1.52
    8          10.915        2.56    0.00    0.00    0.00    0.00    0.00
    9          13.986        0.00    0.00    0.00    2.70    0.00    0.00
   10          13.992        0.00    0.00    2.86    0.00    2.79    0.00
   11          25.135        0.00    0.00    0.00    0.00    0.00    0.42
   12          25.140        1.03    0.00    0.00    0.00    0.00    0.00
   13          42.173        0.00    0.00    0.00    0.51    0.00    0.00
   14          42.193        0.00    0.00    1.04    0.00    1.02    0.00
   15          46.716        0.00    5.58    0.00    0.00    0.00    2.75
   16          46.895        0.00    0.00    0.00    0.00    0.00    0.00
   17          69.173        0.00    0.13    0.00    0.00    0.00    0.99
   18          87.504        5.26    0.00    0.00    0.00    0.00    0.00
   19         110.852        0.00   84.32    0.45    0.00    0.32   45.85
   20         139.236        0.00    0.72   72.86    0.00   76.31    0.16
   21         152.226        1.18    0.00    0.00    8.69    0.00    0.00
   22         472.624        0.00    0.01    0.69    0.00    2.51    0.03

Total Effective Mass:       22.32   90.76   90.60   96.20   96.20   97.96
