Mass matrix is symmetric.
Warning: mass matrix is not positive definite.
Warning: stiffness matrix is not symmetric.

Mass values check:
	Maximum value of MQQ-I            =           0  (should be zero)

Stiffness values checks:
	Maximum value of KBB              = 3.80413e+09  (should be zero only if statically-determinate)
	Maximum value of KBQ              =           0  (should be zero)
	Maximum off-diagonal value of KQQ =           0  (should be zero)
	Minimum diagonal value of KQQ     =     1483.16  (should be > zero)


Stiffness-based coordinates relative to `uref` because of normalization (`rb_norm`):
  (Note: locations are in basic coordinate system.)

         Node      ID        X         Y         Z
        ------  --------  --------  --------  --------
             1         3    600.00      0.00    300.00   0
             2        11    600.00    300.00    300.00   2.87720000e-09
             3        19    600.00    300.00      0.00   2.63290000e-09
             4        27    600.00      0.00      0.00   3.14450000e-09

Maximum absolute coordinate location error:  3.14451e-09 units

Solving generalized eigen problem.
RB Translation Movement Check -- should all be 1.0s:

	Node          Stiffness-based        Geometry-based        Eigenvalue-based
	---------   -------------------    -------------------    -------------------
	       3    1.000  1.000  1.000    1.000  1.000  1.000    1.000  1.000  1.000
	      11    1.000  1.000  1.000    1.000  1.000  1.000    1.000  1.000  1.000
	      19    1.000  1.000  1.000    1.000  1.000  1.000    1.000  1.000  1.000
	      27    1.000  1.000  1.000    1.000  1.000  1.000    1.000  1.000  1.000


RB Rotation Movement Check -- should all be 1.0s:

	Node          Stiffness-based        Geometry-based        Eigenvalue-based
	---------   -------------------    -------------------    -------------------
	       3    1.000  1.000  1.000    1.000  1.000  1.000    1.000  1.000  1.000
	      11    1.000  1.000  1.000    1.000  1.000  1.000    1.000  1.000  1.000
	      19    1.000  1.000  1.000    1.000  1.000  1.000    1.000  1.000  1.000
	      27    1.000  1.000  1.000    1.000  1.000  1.000    1.000  1.000  1.000


MASS PROPERTIES CHECKS:

6x6 mass matrix from stiffness-based rb modes:

	      1.7551       -0.0000       -0.0000       -0.0000      263.2578     -263.2578
	     -0.0000        1.7551       -0.0000     -263.2578        0.0000     1825.2510
	     -0.0000       -0.0000        1.7551      263.2578    -1825.2510       -0.0000
	     -0.0000     -263.2578      263.2578   114882.5343  -273787.6507  -273787.6507
	    263.2578        0.0000    -1825.2510  -273787.6507  2305947.9390   -39379.1078
	   -263.2578     1825.2510       -0.0000  -273787.6507   -39379.1078  2305947.9390


6x6 mass matrix from geometry-based rb modes:

	      1.7551        0.0000       -0.0000       -0.0000      263.2578     -263.2578
	      0.0000        1.7551       -0.0000     -263.2578        0.0000     1825.2510
	     -0.0000       -0.0000        1.7551      263.2578    -1825.2510       -0.0000
	     -0.0000     -263.2578      263.2578   114882.5343  -273787.6507  -273787.6507
	    263.2578        0.0000    -1825.2510  -273787.6507  2305947.9390   -39379.1078
	   -263.2578     1825.2510       -0.0000  -273787.6507   -39379.1078  2305947.9390


6x6 mass matrix from eigensolution-based rb modes:

	      1.7551       -0.0000       -0.0000        0.0000      263.2578     -263.2578
	     -0.0000        1.7551        0.0000     -263.2578       -0.0000     1825.2510
	     -0.0000        0.0000        1.7551      263.2578    -1825.2510        0.0000
	      0.0000     -263.2578      263.2578   114882.5343  -273787.6507  -273787.6507
	    263.2578       -0.0000    -1825.2510  -273787.6507  2305947.9390   -39379.1078
	   -263.2578     1825.2510        0.0000  -273787.6507   -39379.1078  2305947.9391


Comparisons from mass properties:

	Distance to CG location from relevant reference point:

		RB-Mode from                    X               Y               Z
		------------              ---------------------------------------------
		   Stiffness              1039.998351      150.000000      150.000000
		   Geometry               1039.998351      150.000000      150.000000
		   Eigensolution          1039.998351      150.000000      150.000000


	Radius of gyration about X, Y, Z axes (from CG):

		RB-Mode from                    X               Y               Z
		------------              ---------------------------------------------
		   Stiffness               143.032166      458.033929      458.033929
		   Geometry                143.032166      458.033929      458.033929
		   Eigensolution           143.032166      458.033929      458.033929

	Radius of gyration about principal axes (from CG):

		RB-Mode from                    1               2               3
		------------              ---------------------------------------------
		   Stiffness               143.032166      457.965780      458.102068
		   Geometry                143.032166      457.965780      458.102068
		   Eigensolution           143.032166      457.965780      458.102068


Stiffness-based Inertia Matrix @ CG about X,Y,Z:

		  35905.2022       -0.0000       -0.0000
		     -0.0000   368201.2386      109.5583
		     -0.0000      109.5583   368201.2386

	Principal Axis Moments of Inertia:

		  35905.2022   368091.6803   368310.7969


Geometry-based Inertia Matrix @ CG about X,Y,Z:

		  35905.2022       -0.0000        0.0000
		     -0.0000   368201.2386      109.5583
		      0.0000      109.5583   368201.2386

	Principal Axis Moments of Inertia:

		  35905.2022   368091.6803   368310.7968


Eigensolution-based Inertia Matrix @ CG about X,Y,Z:

		  35905.2022        0.0000        0.0000
		      0.0000   368201.2386      109.5582
		      0.0000      109.5582   368201.2386

	Principal Axis Moments of Inertia:

		  35905.2022   368091.6803   368310.7968


GROUNDING CHECKS:

                            K*RB using stiffness-based rb modes:
DOF                    X           Y           Z           RX          RY          RZ
-------------     --------------------------------------------------------------------
       3   1        -0.000      -0.000      -0.000      -0.000      -0.000       0.000
       3   2        -0.000       0.000       0.000      -0.000      -0.000       0.000
       3   3         0.000      -0.000       0.000      -0.000      -0.000      -0.000
       3   4        -0.000      -0.000       0.000       0.000       0.000      -0.000
       3   5         0.000      -0.000      -0.000      -0.001       0.021      -0.003
       3   6         0.000       0.000       0.000      -0.001      -0.001       0.020
      11   1        -0.000       0.000       0.000      -0.000       0.000       0.000
      11   2        -0.000       0.000       0.000      -0.000      -0.000       0.000
      11   3         0.000      -0.000       0.000       0.000      -0.000      -0.000
      11   4         0.000      -0.000      -0.000      -0.000       0.000      -0.000
      11   5         0.000      -0.000      -0.000       0.000      -0.000       0.000
      11   6         0.000       0.000      -0.000      -0.000       0.000       0.000
      19   1        -0.000       0.000       0.000       0.000      -0.000       0.000
      19   2         0.000      -0.000      -0.000      -0.000       0.000      -0.000
      19   3        -0.000       0.000       0.000       0.000      -0.000       0.000
      19   4        -0.000       0.000       0.000       0.000      -0.000      -0.000
      19   5        -0.000      -0.000       0.000      -0.000      -0.000      -0.000
      19   6        -0.000       0.000       0.000       0.000      -0.000      -0.000
      27   1         0.000      -0.000      -0.000       0.000       0.000      -0.000
      27   2         0.000      -0.000       0.000       0.000      -0.000      -0.000
      27   3         0.000      -0.000       0.000       0.000      -0.000      -0.000
      27   4        -0.000       0.000       0.000       0.000      -0.000       0.000
      27   5        -0.000       0.000       0.000       0.000      -0.000      -0.000
      27   6         0.000      -0.000      -0.000      -0.000       0.000      -0.000
  modal     1        0.000       0.000       0.000       0.000       0.000       0.000
  modal     2        0.000       0.000       0.000       0.000       0.000       0.000
  modal     3        0.000       0.000       0.000       0.000       0.000       0.000
  modal     4        0.000       0.000       0.000       0.000       0.000       0.000
  modal     5        0.000       0.000       0.000       0.000       0.000       0.000
  modal     6        0.000       0.000       0.000       0.000       0.000       0.000
  modal     7        0.000       0.000       0.000       0.000       0.000       0.000
  modal     8        0.000       0.000       0.000       0.000       0.000       0.000

Summation of stiffness-based rb-forces: RB'*K*RB:

	    -0.000      -0.000      -0.000      -0.000      -0.000       0.000
	    -0.000       0.000       0.000      -0.000      -0.000       0.000
	     0.000       0.000       0.000       0.000      -0.000       0.000
	     0.000      -0.000       0.000       0.004      -0.006      -0.006
	    -0.000      -0.000      -0.000      -0.004       0.048      -0.006
	     0.000       0.000       0.000      -0.004      -0.005       0.045


                            K*RB using geometry-based rb modes:
DOF                    X           Y           Z           RX          RY          RZ
-------------     --------------------------------------------------------------------
       3   1        -0.000       0.000      -0.000      -0.000       0.000       0.000
       3   2        -0.000       0.000      -0.000      -0.000       0.000       0.000
       3   3         0.000      -0.000       0.000       0.000      -0.000      -0.000
       3   4        -0.000      -0.000      -0.000      -0.000       0.000      -0.001
       3   5         0.000      -0.000       0.000       0.000      -0.001      -0.003
       3   6         0.000      -0.000       0.000       0.000      -0.003      -0.001
      11   1         0.000       0.000       0.000      -0.000      -0.000       0.000
      11   2         0.000       0.000       0.000       0.000      -0.000       0.000
      11   3        -0.000      -0.000      -0.000       0.000       0.000      -0.000
      11   4         0.000       0.000       0.000      -0.000      -0.002       0.003
      11   5        -0.000      -0.000      -0.000      -0.000       0.003      -0.002
      11   6         0.000      -0.000       0.000      -0.000      -0.001      -0.000
      19   1        -0.000      -0.000       0.000       0.000      -0.000      -0.000
      19   2         0.000       0.000      -0.000       0.000       0.000       0.000
      19   3        -0.000      -0.000       0.000       0.000      -0.000      -0.000
      19   4         0.000       0.000       0.000      -0.000      -0.001       0.001
      19   5         0.000      -0.000       0.000       0.000      -0.001      -0.003
      19   6         0.000      -0.000       0.000       0.000      -0.003      -0.001
      27   1        -0.000       0.000       0.000      -0.000      -0.000       0.000
      27   2        -0.000       0.000       0.000       0.000      -0.000       0.000
      27   3        -0.000       0.000       0.000      -0.000      -0.000       0.000
      27   4        -0.000       0.000      -0.000      -0.000       0.000       0.000
      27   5        -0.000       0.000       0.000      -0.000      -0.002       0.003
      27   6        -0.000      -0.000      -0.000      -0.000       0.003      -0.002

Summation of geometry-based rb-forces: RB'*K*RB:

	    -0.000      -0.000      -0.000      -0.000      -0.000       0.000
	    -0.000       0.000       0.000      -0.000      -0.000       0.000
	     0.000       0.000       0.000       0.000      -0.000       0.000
	     0.000      -0.000       0.000       0.004      -0.005      -0.008
	    -0.000      -0.000      -0.000      -0.005       0.049      -0.007
	     0.000       0.000       0.000      -0.004      -0.005       0.050


                            K*RB using eigensolution-based rb modes:
DOF                    X           Y           Z           RX          RY          RZ
-------------     --------------------------------------------------------------------
       3   1        -0.000       0.000      -0.000      -0.000       0.000       0.000
       3   2        -0.000       0.000      -0.000      -0.000       0.000       0.000
       3   3         0.000      -0.000       0.000       0.000      -0.000      -0.000
       3   4        -0.000       0.000       0.000      -0.001      -0.000      -0.000
       3   5        -0.000      -0.000      -0.000       0.001       0.003      -0.005
       3   6        -0.000      -0.000       0.000       0.002      -0.001      -0.003
      11   1         0.000      -0.000      -0.000       0.000       0.000      -0.000
      11   2         0.000       0.000      -0.000       0.000       0.000       0.000
      11   3         0.000      -0.000       0.000      -0.000       0.000      -0.000
      11   4         0.000       0.000       0.000       0.000      -0.006       0.004
      11   5         0.000      -0.000      -0.000      -0.002       0.005      -0.001
      11   6        -0.000      -0.000       0.000       0.000      -0.001      -0.001
      19   1        -0.000      -0.000      -0.000       0.000       0.000      -0.000
      19   2         0.000       0.000       0.000       0.000      -0.000       0.000
      19   3        -0.000      -0.000      -0.000      -0.000       0.000      -0.000
      19   4         0.000       0.000       0.000      -0.000      -0.003       0.001
      19   5        -0.000      -0.000      -0.000       0.001       0.004      -0.005
      19   6        -0.000      -0.000      -0.000       0.002       0.000      -0.004
      27   1         0.000      -0.000       0.000      -0.000      -0.000       0.000
      27   2        -0.000      -0.000       0.000       0.000      -0.000      -0.000
      27   3        -0.000      -0.000       0.000      -0.000      -0.000      -0.000
      27   4         0.000       0.000       0.000      -0.001      -0.002       0.001
      27   5         0.000       0.000       0.000       0.000      -0.006       0.002
      27   6        -0.000       0.000      -0.000      -0.001       0.006       0.001
  modal     1        0.000      -0.000      -0.000      -0.000       0.000      -0.000
  modal     2       -0.000      -0.000       0.000      -0.000      -0.000       0.000
  modal     3        0.000       0.000       0.000      -0.000      -0.000       0.000
  modal     4       -0.000       0.000      -0.000      -0.000       0.000       0.000
  modal     5        0.000      -0.000      -0.000       0.000       0.000      -0.000
  modal     6       -0.000      -0.000      -0.000      -0.000       0.000      -0.000
  modal     7        0.000       0.000       0.000       0.000      -0.000       0.000
  modal     8       -0.000       0.000       0.000      -0.000      -0.000       0.000

Summation of eigensolution-based rb-forces: RB'*K*RB:

	    -0.000      -0.000      -0.000      -0.000      -0.000       0.000
	    -0.000       0.000       0.000      -0.000      -0.000       0.000
	     0.000       0.000       0.000       0.000      -0.000       0.000
	     0.000      -0.000       0.000       0.005      -0.006      -0.006
	    -0.000      -0.000      -0.000      -0.005       0.049      -0.009
	     0.000       0.000       0.000      -0.005      -0.006       0.045


FREE-FREE MODES:

	Mode   Frequency (Hz)
	----   --------------
	   1         0.000021
	   2         0.000024
	   3         0.000041
	   4         0.000045
	   5         0.000046
	   6         0.000059
	   7        47.926681
	   8        47.985939
	   9        53.273647
	  10       137.646420
	  11       156.953727
	  12       158.291832
	  13       245.776945
	  14       245.776945
	  15       278.650359
	  16       291.228161
	  17       296.280852
	  18       304.217218
	  19       429.385190
	  20      1479.543087
	  21      1509.151143
	  22      1611.251104
	  23      2421.562963
	  24      2421.562963
	  25      2520.830498
	  26      2521.519546
	  27      2644.462658
	  28      5434.622103
	  29      5772.710467
	  30      5824.060909
	  31     60663.922439
	  32              inf


FIXED-BASE MODES w/ Percent Modal Effective Mass:

Using geometry-based rb modes for effective mass calcs.

Printing only the modes with at least 2.0% effective mass.
The sum includes all modes.

Mode No.  Frequency (Hz)     T1      T2      T3      R1      R2      R3
--------  --------------   ------  ------  ------  ------  ------  ------
     1          6.129        0.00   31.93    6.06   22.62   12.10   63.68
     2          6.130        0.00    6.06   31.93    3.49   63.68   12.09
     3         23.632        0.00    0.00    0.00   25.13    0.00    0.00
     4         70.511        0.00   30.78    0.90    7.26    0.39   13.09
     5         70.792        0.00    0.91   30.91   14.57   13.14    0.38
     6        104.809       44.47    0.00    0.00    0.00    0.76    0.76

Total Effective Mass:       44.47   69.99   70.23   73.27   90.18   90.10
