Mass matrix is symmetric.
Mass matrix is positive definite.
Stiffness matrix is symmetric.

Mass values check:
	Maximum value of MQQ-I            =          0  (should be zero)

Stiffness values checks:
	Maximum value of KBB              = 1.96953e+07  (should be zero only if statically-determinate)
	Maximum value of KBQ              =          0  (should be zero)
	Maximum off-diagonal value of KQQ =          0  (should be zero)
	Minimum diagonal value of KQQ     =     107.48  (should be > zero)



Stiffness-based coordinates relative to node starting at row/col 1 (after any reordering):
 (Note:  locations are in local coordinate system of the reference node.)

        Node     ID        X         Y         Z    
        ----  --------  --------  --------  --------
           1         3      0.00      0.00      0.00   0
           2        11     -0.00    300.00      0.00   1.12340000e-07
           3        19      0.00    300.00   -300.00   1.43590000e-07
           4        27      0.00      0.00   -300.00   1.14460000e-07

Maximum absolute coordinate location error:  1.44e-07 units

RB Translation Movement Check -- should all be 1.0's:

	Node          Stiffness-based        Geometry-based        Eigenvalue-based
	---------   -------------------    -------------------    -------------------
	       3    1.000  1.000  1.000    1.000  1.000  1.000    1.000  1.000  1.000
	      11    1.000  1.000  1.000    1.000  1.000  1.000    1.000  1.000  1.000
	      19    1.000  1.000  1.000    1.000  1.000  1.000    1.000  1.000  1.000
	      27    1.000  1.000  1.000    1.000  1.000  1.000    1.000  1.000  1.000


RB Rotation Movement Check -- should all be 1.0's:

	Node          Stiffness-based        Geometry-based        Eigenvalue-based
	---------   -------------------    -------------------    -------------------
	       3    1.000  1.000  1.000    1.000  1.000  1.000    1.000  1.000  1.000
	      11    1.000  1.000  1.000    1.000  1.000  1.000    1.000  1.000  1.000
	      19    1.000  1.000  1.000    1.000  1.000  1.000    1.000  1.000  1.000
	      27    1.000  1.000  1.000    1.000  1.000  1.000    1.000  1.000  1.000


MASS PROPERTIES CHECKS:

6x6 mass matrix from stiffness-based rb modes:

	      1.5345        0.0000        0.0000        0.0000     -230.1689     -230.1689
	      0.0000        1.5345        0.0000      230.1689        0.0000     -660.5821
	      0.0000        0.0000        1.5345      230.1689      660.5821       -0.0000
	      0.0000      230.1689      230.1689   424524.7643    99087.3208   -99087.3208
	   -230.1689        0.0000      660.5821    99087.3208   353334.5132    34525.3280
	   -230.1689     -660.5821       -0.0000   -99087.3208    34525.3280   684503.6936


6x6 mass matrix from geometry-based rb modes:

	      1.5345        0.0000        0.0000       -0.0000      230.1689     -230.1689
	      0.0000        1.5345        0.0000     -230.1689       -0.0000      260.0933
	      0.0000        0.0000        1.5345      230.1689     -260.0933       -0.0000
	     -0.0000     -230.1689      230.1689   424524.7643   -39013.9916   -39013.9916
	    230.1689       -0.0000     -260.0933   -39013.9916   113041.1965   -34525.3281
	   -230.1689      260.0933       -0.0000   -39013.9916   -34525.3281   444210.3772


6x6 mass matrix from eigensolution-based rb modes:

	      1.5345       -0.0000       -0.0000       -0.0000     -230.1689     -230.1689
	     -0.0000        1.5345       -0.0000      230.1689       -0.0000     -660.5821
	     -0.0000       -0.0000        1.5345      230.1689      660.5821        0.0000
	     -0.0000      230.1689      230.1689   424524.7643    99087.3208   -99087.3208
	   -230.1689       -0.0000      660.5821    99087.3208   353334.5135    34525.3281
	   -230.1689     -660.5821        0.0000   -99087.3208    34525.3281   684503.6943


Comparisons from mass properties:

	Distance to CG location from relevant reference point:

		RB-Mode from                    X               Y               Z
		------------              ---------------------------------------------
		   Stiffness              -430.498389      150.000000     -150.000000
		   Geometry                169.501611      150.000000      150.000000
		   Eigensolution          -430.498389      150.000000     -150.000000



	Radius of gyration about X, Y, Z axes (from CG):

		RB-Mode from                    X               Y               Z
		------------              ---------------------------------------------
		   Stiffness                 481.3116        149.7920        488.1179
		   Geometry                  481.3116        149.7920        488.1179
		   Eigensolution             481.3116        149.7920        488.1179

	Radius of gyration about principal axes (from CG):

		RB-Mode from                    1               2               3
		------------              ---------------------------------------------
		   Stiffness                 481.3116        149.7920        488.1179
		   Geometry                  481.3116        149.7920        488.1179
		   Eigensolution             481.3116        149.7920        488.1179


Stiffness-based Inertia Matrix @ CG about X,Y,Z:

		 355474.1081        0.0000       -0.0002
		      0.0000    34429.6390       -0.0000
		     -0.0002       -0.0000   365598.8192

	Principal Axis Moments of Inertia:

		  34429.6390   355474.1081   365598.8192


Geometry-based Inertia Matrix @ CG about X,Y,Z:

		 355474.1081        0.0000       -0.0000
		      0.0000    34429.6388        0.0000
		     -0.0000        0.0000   365598.8195

	Principal Axis Moments of Inertia:

		  34429.6388   355474.1081   365598.8195


Eigensolution-based Inertia Matrix @ CG about X,Y,Z:

		 355474.1081       -0.0000        0.0000
		     -0.0000    34429.6388       -0.0000
		      0.0000       -0.0000   365598.8196

	Principal Axis Moments of Inertia:

		  34429.6388   355474.1081   365598.8196


GROUNDING CHECKS:

                            K*RB using stiffness-based rb modes:
DOF                    X           Y           Z           RX          RY          RZ
-------------     --------------------------------------------------------------------
       3   1        -0.000       0.000      -0.000      -0.000      -0.000       0.000
       3   2         0.000       0.000      -0.000       0.000      -0.000      -0.000
       3   3        -0.000      -0.000       0.000       0.000       0.000       0.000
       3   4        -0.000       0.000       0.000       0.000       0.000       0.000
       3   5        -0.000      -0.000       0.000       0.000       0.003       0.001
       3   6         0.000      -0.000       0.000       0.000       0.001       0.008
      11   1         0.000       0.000      -0.000       0.000      -0.000      -0.000
      11   2        -0.000       0.000       0.000       0.000       0.000      -0.000
      11   3         0.000       0.000       0.000       0.000      -0.000      -0.000
      11   4         0.000      -0.000       0.000      -0.000      -0.000      -0.000
      11   5        -0.000      -0.000       0.000      -0.000       0.000       0.000
      11   6         0.000       0.000      -0.000       0.000      -0.000      -0.000
      19   1         0.000      -0.000      -0.000      -0.000      -0.000      -0.000
      19   2        -0.000      -0.000       0.000       0.000      -0.000       0.000
      19   3        -0.000       0.000      -0.000      -0.000      -0.000       0.000
      19   4        -0.000       0.000      -0.000       0.000      -0.000       0.000
      19   5         0.000       0.000       0.000       0.000      -0.000       0.000
      19   6        -0.000       0.000       0.000      -0.000       0.000       0.000
      27   1        -0.000       0.000      -0.000      -0.000       0.000      -0.000
      27   2         0.000      -0.000      -0.000      -0.000      -0.000       0.000
      27   3         0.000      -0.000       0.000       0.000      -0.000       0.000
      27   4        -0.000      -0.000      -0.000       0.000       0.000       0.000
      27   5        -0.000      -0.000      -0.000      -0.000      -0.000       0.000
      27   6         0.000      -0.000       0.000      -0.000       0.000       0.000
  modal     1        0.000       0.000       0.000       0.000       0.000       0.000
  modal     2        0.000       0.000       0.000       0.000       0.000       0.000
  modal     3        0.000       0.000       0.000       0.000       0.000       0.000
  modal     4        0.000       0.000       0.000       0.000       0.000       0.000
  modal     5        0.000       0.000       0.000       0.000       0.000       0.000
  modal     6        0.000       0.000       0.000       0.000       0.000       0.000
  modal     7        0.000       0.000       0.000       0.000       0.000       0.000
  modal     8        0.000       0.000       0.000       0.000       0.000       0.000
  modal     9        0.000       0.000       0.000       0.000       0.000       0.000
  modal    10        0.000       0.000       0.000       0.000       0.000       0.000
  modal    11        0.000       0.000       0.000       0.000       0.000       0.000
  modal    12        0.000       0.000       0.000       0.000       0.000       0.000
  modal    13        0.000       0.000       0.000       0.000       0.000       0.000
  modal    14        0.000       0.000       0.000       0.000       0.000       0.000
  modal    15        0.000       0.000       0.000       0.000       0.000       0.000
  modal    16        0.000       0.000       0.000       0.000       0.000       0.000
  modal    17        0.000       0.000       0.000       0.000       0.000       0.000
  modal    18        0.000       0.000       0.000       0.000       0.000       0.000
  modal    19        0.000       0.000       0.000       0.000       0.000       0.000
  modal    20        0.000       0.000       0.000       0.000       0.000       0.000
  modal    21        0.000       0.000       0.000       0.000       0.000       0.000
  modal    22        0.000       0.000       0.000       0.000       0.000       0.000

Summation of stiffness-based rb-forces: RB'*K*RB:

	    -0.000       0.000      -0.000      -0.000      -0.000       0.000
	     0.000       0.000      -0.000       0.000      -0.000      -0.000
	    -0.000      -0.000       0.000       0.000       0.000       0.000
	    -0.000       0.000       0.000       0.000       0.000       0.000
	    -0.000      -0.000       0.000       0.000       0.003       0.001
	     0.000      -0.000       0.000       0.000       0.001       0.008



                            K*RB using geometry-based rb modes:
DOF                    X           Y           Z           RX          RY          RZ
-------------     --------------------------------------------------------------------
       3   1        -0.000      -0.000       0.000       0.000      -0.000       0.000
       3   2        -0.000       0.000      -0.000      -0.000       0.000       0.000
       3   3        -0.000      -0.000       0.000       0.000      -0.000      -0.000
       3   4         0.000      -0.000       0.000       0.000       0.000       0.000
       3   5        -0.000      -0.000       0.000       0.000      -0.000      -0.000
       3   6         0.000      -0.000       0.000       0.000      -0.000      -0.000
      11   1        -0.000       0.000       0.000      -0.000      -0.000       0.000
      11   2        -0.000      -0.000       0.000       0.000      -0.000       0.000
      11   3        -0.000       0.000      -0.000      -0.000      -0.000      -0.000
      11   4        -0.000      -0.000       0.000       0.000      -0.000       0.000
      11   5         0.000      -0.000       0.000       0.000       0.000      -0.000
      11   6        -0.000       0.000       0.000      -0.000      -0.000       0.000
      19   1         0.000       0.000      -0.000      -0.000       0.000      -0.000
      19   2         0.000       0.000      -0.000      -0.000       0.000       0.000
      19   3        -0.000      -0.000       0.000       0.000      -0.000      -0.000
      19   4         0.000       0.000      -0.000      -0.000       0.000      -0.000
      19   5        -0.000      -0.000       0.000       0.000      -0.000      -0.000
      19   6         0.000      -0.000      -0.000       0.000       0.000      -0.000
      27   1         0.000      -0.000      -0.000       0.000       0.000       0.000
      27   2         0.000       0.000      -0.000      -0.000       0.000       0.000
      27   3        -0.000      -0.000       0.000       0.000      -0.000       0.000
      27   4        -0.000      -0.000       0.000       0.000      -0.000      -0.000
      27   5        -0.000      -0.000       0.000       0.000      -0.000       0.000
      27   6        -0.000      -0.000       0.000       0.000      -0.000      -0.000

Summation of geometry-based rb-forces: RB'*K*RB:

	    -0.000       0.000      -0.000      -0.000      -0.000       0.000
	     0.000       0.000      -0.000      -0.000       0.000       0.000
	    -0.000      -0.000       0.000       0.000      -0.000       0.000
	    -0.000      -0.000       0.000       0.000      -0.001       0.000
	    -0.000       0.000      -0.000      -0.001       0.001       0.001
	     0.000       0.000       0.000       0.000       0.001       0.008



                            K*RB using eigensolution-based rb modes:
DOF                    X           Y           Z           RX          RY          RZ
-------------     --------------------------------------------------------------------
       3   1        -0.000      -0.000       0.000       0.000       0.000       0.000
       3   2         0.000       0.000      -0.000       0.000      -0.000      -0.000
       3   3         0.000      -0.000       0.000       0.000      -0.000      -0.000
       3   4         0.000      -0.000       0.000       0.000      -0.000       0.000
       3   5         0.000      -0.000       0.000       0.000      -0.000      -0.000
       3   6         0.000      -0.000       0.000       0.000       0.000      -0.000
      11   1         0.000       0.000      -0.000       0.000      -0.000       0.000
      11   2        -0.000      -0.000       0.000      -0.000       0.000       0.000
      11   3        -0.000       0.000      -0.000      -0.000       0.000      -0.000
      11   4         0.000      -0.000       0.000       0.000      -0.000       0.000
      11   5        -0.000      -0.000      -0.000      -0.000      -0.000      -0.000
      11   6         0.000       0.000      -0.000       0.000      -0.000       0.000
      19   1         0.000       0.000      -0.000       0.000      -0.000      -0.000
      19   2         0.000       0.000      -0.000       0.000      -0.000      -0.000
      19   3         0.000      -0.000       0.000       0.000      -0.000      -0.000
      19   4        -0.000       0.000      -0.000      -0.000       0.000      -0.000
      19   5         0.000      -0.000       0.000       0.000      -0.000      -0.000
      19   6        -0.000      -0.000      -0.000      -0.000      -0.000      -0.000
      27   1         0.000      -0.000      -0.000      -0.000      -0.000       0.000
      27   2         0.000       0.000      -0.000       0.000      -0.000       0.000
      27   3        -0.000      -0.000       0.000       0.000       0.000       0.000
      27   4        -0.000      -0.000       0.000      -0.000       0.000      -0.000
      27   5         0.000      -0.000       0.000       0.000      -0.000       0.000
      27   6        -0.000      -0.000       0.000      -0.000       0.000      -0.000
  modal     1        0.000       0.000      -0.000       0.000      -0.000       0.000
  modal     2        0.000       0.000       0.000       0.000       0.000      -0.000
  modal     3       -0.000      -0.000       0.000       0.000       0.000      -0.000
  modal     4       -0.000      -0.000       0.000       0.000       0.000       0.000
  modal     5        0.000       0.000       0.000       0.000      -0.000      -0.000
  modal     6        0.000      -0.000       0.000      -0.000      -0.000       0.000
  modal     7       -0.000      -0.000       0.000      -0.000       0.000      -0.000
  modal     8       -0.000       0.000      -0.000      -0.000      -0.000       0.000
  modal     9        0.000       0.000      -0.000      -0.000      -0.000       0.000
  modal    10       -0.000      -0.000       0.000       0.000       0.000       0.000
  modal    11       -0.000      -0.000       0.000      -0.000       0.000      -0.000
  modal    12        0.000      -0.000       0.000       0.000       0.000      -0.000
  modal    13        0.000       0.000      -0.000      -0.000      -0.000       0.000
  modal    14       -0.000      -0.000       0.000       0.000       0.000       0.000
  modal    15        0.000       0.000      -0.000       0.000      -0.000      -0.000
  modal    16       -0.000      -0.000      -0.000       0.000      -0.000       0.000
  modal    17       -0.000       0.000      -0.000      -0.000       0.000      -0.000
  modal    18       -0.000       0.000      -0.000      -0.000      -0.000       0.000
  modal    19       -0.000      -0.000       0.000      -0.000       0.000       0.000
  modal    20        0.000       0.000      -0.000       0.000      -0.000      -0.000
  modal    21        0.000       0.000       0.000      -0.000       0.000      -0.000
  modal    22       -0.000      -0.000      -0.000      -0.000       0.000       0.000

Summation of eigensolution-based rb-forces: RB'*K*RB:

	    -0.000       0.000      -0.000      -0.000      -0.000       0.000
	     0.000       0.000      -0.000       0.000      -0.000      -0.000
	    -0.000      -0.000       0.000       0.000       0.000       0.000
	    -0.000       0.000       0.000       0.000       0.000       0.000
	    -0.000      -0.000       0.000       0.000       0.003       0.001
	     0.000      -0.000       0.000       0.000       0.001       0.008


FREE-FREE MODES:

	Mode   Frequency (Hz)
	----   --------------
	   1         0.000015
	   2         0.000011
	   3         0.000006
	   4         0.000013
	   5         0.000017
	   6         0.000025
	   7         1.761979
	   8         1.794351
	   9         3.870072
	  10         4.192421
	  11         7.025368
	  12         7.325972
	  13        11.077147
	  14        11.900788
	  15        14.228614
	  16        15.445820
	  17        24.636878
	  18        24.843698
	  19        25.016935
	  20        25.293813
	  21        26.575572
	  22        26.611531
	  23        42.444317
	  24        43.025718
	  25        46.894166
	  26        47.874356
	  27        71.802839
	  28        90.357210
	  29       120.299436
	  30       122.952153
	  31       125.627041
	  32       128.323878
	  33       149.210225
	  34       149.787111
	  35       150.247948
	  36       150.693413
	  37       276.780432
	  38       278.158498
	  39       278.337183
	  40       279.862530
	  41       298.346397
	  42       539.088886
	  43       594.546241
	  44       796.722946
	  45      1472.561359
	  46      1524.304286


FIXED-BASE MODES w/ Percent Modal Effective Mass:

Using geometry-based rb modes for effective mass calcs.

Mode No.  Frequency (Hz)     T1      T2      T3      R1      R2      R3
--------  --------------   ------  ------  ------  ------  ------  ------
    1           1.650        0.00    0.00    0.00    0.00    0.00   67.62
    2           1.650       12.29    0.00    0.00    0.00    3.75    0.96
    3           1.674        0.00    0.00    0.00   70.58    0.00    0.00
    4           1.675        0.00    0.00   12.69    1.03    3.88    0.00
    5           7.025        0.00    0.00    0.00    0.00    2.47    0.00
    6           7.025        0.00    0.00    0.00    0.00    0.00    0.00
    7          10.913        0.00    0.00    0.00    0.00    0.00    2.19
    8          10.915        2.56    0.00    0.00    0.00    0.78    0.20
    9          13.986        0.00    0.00    0.00    2.26    0.00    0.00
   10          13.992        0.00    0.00    2.86    0.23    0.87    0.00
   11          25.135        0.00    0.00    0.00    0.00    0.00    0.56
   12          25.140        1.03    0.00    0.00    0.00    0.31    0.08
   13          42.173        0.00    0.00    0.00    0.43    0.00    0.00
   14          42.193        0.00    0.00    1.04    0.09    0.31    0.00
   15          46.716        0.00    5.58    0.00    0.46    0.00    0.39
   16          46.895        0.00    0.00    0.00    0.00    0.00    0.00
   17          69.173        0.00    0.13    0.00    0.01    0.00    0.65
   18          87.504        5.26    0.00    0.00    0.00    1.61    0.41
   19         110.852        0.00   84.32    0.45    7.90    0.28    4.20
   20         139.236        0.00    0.72   72.86    4.81   17.63    0.21
   21         152.226        1.18    0.00    0.00    7.28    0.36    0.09
   22         472.624        0.00    0.01    0.69    0.07   20.24    0.10

Total Effective Mass:       22.32   90.76   90.60   95.15   52.50   77.66
