----------------------------------------------
Results for DRM101 * RB
----------------------------------------------

Extreme Coordinates from DRM101
                 X           Y           Z
             ----------  ----------  ----------
  Minimums:    150.0000   -930.0000    150.0000
  Maximums:    600.0000    300.0000    300.0000

DRM101 has 16 (88.9%) non-NULL rows and 2 (11.1%) NULL rows.

DRM101 * RB results:  (NOT including NULL rows)
 -- added unit scale by hand for testing --

   Row     Label          Coordinates (x, y, z)         Unit Scale             DRM101 * RB Responses (x, y, z, rx, ry, rz)
  ------  --------  ----------------------------------  ----------  -----------------------------------------------------------------
       1              600.0000,   300.0000,   300.0000     1.00000       0.000      1.000      0.000   -300.000      0.000    600.000
       2              600.0000,   300.0000,   300.0000     1.00000       0.000      0.000      1.000    300.000   -600.000      0.000
       3              600.0000,   300.0000,   300.0000     1.00000       1.000      0.000      0.000      0.000    300.000   -300.000
       4                      ,           ,                              0.000      0.000      0.000      0.000      1.000      0.000
       5                      ,           ,                              0.000      0.000      0.000      0.000      0.000      1.000
       6                      ,           ,                              0.000      0.000      0.000      1.000      0.000      0.000
       7              150.0000,  -930.0000,   150.0000     1.00000       1.000      0.000     -0.000     -0.000    150.000    930.000
       8              150.0000,  -930.0000,   150.0000     1.00000       0.000      1.000      0.000   -150.000     -0.000    150.000
       9              150.0000,  -930.0000,   150.0000     1.00000       0.000      0.000      1.000   -930.000   -150.000     -0.000
      10                      ,           ,                             -0.000     -0.000      0.000      1.000     -0.000      0.000
      11                      ,           ,                              0.000     -0.000     -0.000     -0.000      1.000     -0.000
      12                      ,           ,                             -0.000      0.000     -0.000     -0.000     -0.000      1.000
      13                      ,           ,                             -0.000      1.000      0.000   -150.000     -0.000    450.000
      14                      ,           ,                              0.000      0.000      1.000   -930.000   -450.000      0.000
      16                      ,           ,                              0.000      0.000      0.000      0.000      0.000      0.000
      18                      ,           ,                             -0.000     -0.000      0.000      1.000     -0.000     -0.000

Absolute Maximums from DRM101 * RB results:
   Row     Label          Coordinates (x, y, z)         Unit Scale         Maximum Responses on Diagonal (x, y, z, rx, ry, rz)
  ------  --------  ----------------------------------  ----------  -----------------------------------------------------------------
       3              600.0000,   300.0000,   300.0000     1.00000       1.000      0.000      0.000      0.000    300.000   -300.000
       1              600.0000,   300.0000,   300.0000     1.00000       0.000      1.000      0.000   -300.000      0.000    600.000
       2              600.0000,   300.0000,   300.0000     1.00000       0.000      0.000      1.000    300.000   -600.000      0.000
       9              150.0000,  -930.0000,   150.0000     1.00000       0.000      0.000      1.000   -930.000   -150.000     -0.000
       2              600.0000,   300.0000,   300.0000     1.00000       0.000      0.000      1.000    300.000   -600.000      0.000
       7              150.0000,  -930.0000,   150.0000     1.00000       1.000      0.000     -0.000     -0.000    150.000    930.000

There are 2 (11.1%) NULL rows in DRM101:
   Row     Label
  ------  --------
      15
      17
